node.exe : X [ERROR] "vite-tsconfig-paths" resolved to an ESM file. ESM file cannot be loaded by `require`. See 
https://vite.dev/guide/troubleshooting.html#this-package-is-esm-only for more details. [plugin externalize-deps]
At line:1 char:1
+ & "C:\Program Files\nodejs/node.exe" "C:\Program Files\nodejs/node_mo ...
+ ~~~~~~~~~~~~~~~~~~~~~~~~~~~~~~~~~~~~~~~~~~~~~~~~~~~~~~~~~~~~~~~~~~~~~
    + CategoryInfo          : NotSpecified: (X [ERROR] "vite...ternalize-deps]:String) [], RemoteException
    + FullyQualifiedErrorId : NativeCommandError
 

    vitest.config.ts:2:26:
      2 Γöé import tsconfigPaths from "vite-tsconfig-paths";
        Γò╡                           ~~~~~~~~~~~~~~~~~~~~~

[31mfailed to load config from C:\Users\This PC\Desktop\School-MS\vitest.config.ts[39m

[31mΓÄ»ΓÄ»ΓÄ»ΓÄ»ΓÄ»ΓÄ»ΓÄ»[1m[7m Startup Error [27m[22mΓÄ»ΓÄ»ΓÄ»ΓÄ»ΓÄ»ΓÄ»ΓÄ»ΓÄ»[39m
Error: Build failed with 1 error:
vitest.config.ts:2:26: ERROR: [plugin: externalize-deps] "vite-tsconfig-paths" resolved to an ESM file. ESM file 
cannot be loaded by `require`. See https://vite.dev/guide/troubleshooting.html#this-package-is-esm-only for more 
details.
    at failureErrorWithLog (C:\Users\This PC\Desktop\School-MS\node_modules\esbuild\lib\main.js:1472:15)
    at C:\Users\This PC\Desktop\School-MS\node_modules\esbuild\lib\main.js:945:25
    at runOnEndCallbacks (C:\Users\This PC\Desktop\School-MS\node_modules\esbuild\lib\main.js:1315:45)
    at buildResponseToResult (C:\Users\This PC\Desktop\School-MS\node_modules\esbuild\lib\main.js:943:7)
    at C:\Users\This PC\Desktop\School-MS\node_modules\esbuild\lib\main.js:970:16
    at responseCallbacks.<computed> (C:\Users\This PC\Desktop\School-MS\node_modules\esbuild\lib\main.js:622:9)
    at handleIncomingPacket (C:\Users\This PC\Desktop\School-MS\node_modules\esbuild\lib\main.js:677:12)
    at Socket.readFromStdout (C:\Users\This PC\Desktop\School-MS\node_modules\esbuild\lib\main.js:600:7)
    at Socket.emit (node:events:509:28)
    at addChunk (node:internal/streams/readable:563:12) {
  errors: [Getter/Setter],
  warnings: [Getter/Setter]
}



